....
..#.
..#.
.##.

....
#.#.
..#.
..#.

..##
..##
....
....

....
.###
..#.
....

.#..
.#..
.##.
....
